// Jest Snapshot v1, https://goo.gl/fbAQLP

exports[`Autocomplete component should render 1`] = `
<div
  className="dropdown-container"
>
  <form
    onSubmit={[Function]}
  >
    <input
      onChange={[Function]}
      onKeyDown={[Function]}
      placeholder=""
      type="text"
      value=""
    />
  </form>
  <div
    className="autocomplete-menu"
  >
    <div
      className="dropdown-menu__panel"
    />
  </div>
</div>
`;

exports[`Autocomplete component with props: showDropwdownUpdated & clearOnSelect should render 1`] = `
<div
  className="dropdown-container"
>
  <form
    onSubmit={[Function]}
  >
    <input
      onChange={[Function]}
      onKeyDown={[Function]}
      placeholder=""
      type="text"
      value=""
    />
  </form>
  <div
    className="autocomplete-menu"
  >
    <div
      className="dropdown-menu__panel"
    />
  </div>
</div>
`;
