// Jest Snapshot v1, https://goo.gl/fbAQLP

exports[`Autocomplete component should render 1`] = `
<div
  className="dropdown-container"
>
  <form
    onSubmit={[Function]}
  >
    <input
      onChange={[Function]}
      onKeyDown={[Function]}
      type="text"
      value=""
    />
  </form>
  <div
    className="autocomplete-menu"
  >
    <ul>
      <li>
        <button
          className=""
          onClick={[Function]}
          type="button"
        />
      </li>
      <li>
        <button
          className=""
          onClick={[Function]}
          type="button"
        />
      </li>
      <li>
        <button
          className=""
          onClick={[Function]}
          type="button"
        />
      </li>
      <li>
        <button
          className=""
          onClick={[Function]}
          type="button"
        />
      </li>
    </ul>
  </div>
</div>
`;

exports[`Autocomplete component with props: showDropwdownUpdated & clearOnSelect should render 1`] = `
<div
  className="dropdown-container"
>
  <form
    onSubmit={[Function]}
  >
    <input
      onChange={[Function]}
      onKeyDown={[Function]}
      type="text"
      value=""
    />
  </form>
  <div
    className="autocomplete-menu"
  >
    <ul>
      <li>
        <button
          className=""
          onClick={[Function]}
          type="button"
        />
      </li>
      <li>
        <button
          className=""
          onClick={[Function]}
          type="button"
        />
      </li>
      <li>
        <button
          className=""
          onClick={[Function]}
          type="button"
        />
      </li>
      <li>
        <button
          className=""
          onClick={[Function]}
          type="button"
        />
      </li>
    </ul>
  </div>
</div>
`;
