// Jest Snapshot v1, https://goo.gl/fbAQLP

exports[`TreeSelect component should render 1`] = `
<div
  className="tree-select"
>
  <button
    className="button dropdown"
    onClick={[Function]}
    type="button"
  >
    Select
  </button>
  <div
    className="tree-select-menu"
  >
    <ul
      className=""
    >
      <li
        className="branch"
      >
        <span
          className=""
          onClick={[Function]}
          role="button"
          tabIndex="0"
        >
          Item 1
        </span>
        <ul
          className=""
        >
          <li
            className=""
          >
            <span
              className=""
              onClick={[Function]}
              role="button"
              tabIndex="0"
            >
              Item 1 a
            </span>
          </li>
          <li
            className="branch"
          >
            <span
              className=""
              onClick={[Function]}
              role="button"
              tabIndex="0"
            >
              Item 1 b
            </span>
            <ul
              className=""
            >
              <li
                className=""
              >
                <span
                  className=""
                  onClick={[Function]}
                  role="button"
                  tabIndex="0"
                >
                  Item 1b A
                </span>
              </li>
              <li
                className=""
              >
                <span
                  className=""
                  onClick={[Function]}
                  role="button"
                  tabIndex="0"
                >
                  Item 1b B
                </span>
              </li>
            </ul>
          </li>
        </ul>
      </li>
      <li
        className=""
      >
        <span
          className=""
          onClick={[Function]}
          role="button"
          tabIndex="0"
        >
          Some Item 2
        </span>
      </li>
    </ul>
  </div>
</div>
`;
