// Jest Snapshot v1, https://goo.gl/fbAQLP

exports[`AccordionSearch should render 1`] = `
<DocumentFragment>
  <span
    class="search-input"
  >
    <input
      data-testid="search-input"
      placeholder="Filter"
      type="text"
      value=""
    />
    <span
      class="search-input__suffix"
      data-testid="search-input-suffix"
      role="presentation"
    >
      <test-file-stub
        height="14"
        width="14"
      />
    </span>
  </span>
  <div
    class="accordion"
  >
    <button
      class="accordion__title"
      type="button"
    >
      <span>
        Gene
      </span>
      <test-file-stub
        height="16"
        width="16"
      />
    </button>
    <div
      class="accordion__content"
    >
      <ul
        class="no-bullet accordion-search__list"
      >
        <li
          class="accordion-search__list__item"
          data-testid="accordion-search-list-item"
        >
          <label
            for="checkbox-1-1"
          >
            <input
              class="accordion-search__list__item-checkbox"
              id="checkbox-1-1"
              type="checkbox"
            />
            BRCA1
          </label>
        </li>
        <li
          class="accordion-search__list__item"
          data-testid="accordion-search-list-item"
        >
          <label
            for="checkbox-1-2"
          >
            <input
              class="accordion-search__list__item-checkbox"
              id="checkbox-1-2"
              type="checkbox"
            />
            BRCA2
          </label>
        </li>
        <li
          class="accordion-search__list__item"
          data-testid="accordion-search-list-item"
        >
          <label
            for="checkbox-1-3"
          >
            <input
              class="accordion-search__list__item-checkbox"
              id="checkbox-1-3"
              type="checkbox"
            />
            TP53
          </label>
        </li>
      </ul>
    </div>
  </div>
  <div
    class="accordion"
  >
    <button
      class="accordion__title"
      type="button"
    >
      <span>
        Organelle
      </span>
      <test-file-stub
        height="16"
        width="16"
      />
    </button>
  </div>
</DocumentFragment>
`;
