// Jest Snapshot v1, https://goo.gl/fbAQLP

exports[`Accordion should render 1`] = `
<DocumentFragment>
  <div
    class="accordion"
  >
    <button
      class="accordion__title"
      type="button"
    >
      <span>
        foo
      </span>
      <span
        class="bubble--small"
      >
        10
      </span>
      <test-file-stub
        height="16"
        width="16"
      />
    </button>
  </div>
</DocumentFragment>
`;
