// Jest Snapshot v1, https://goo.gl/fbAQLP

exports[`AutocompleteItem component should render 1`] = `
<DocumentFragment>
  <li
    data-testid="autocomplete-item"
  >
    <button
      class=""
      type="button"
    >
      A path to &gt; some 
      <mark
        class="highlight"
      >
        item
      </mark>
    </button>
  </li>
</DocumentFragment>
`;
