// Jest Snapshot v1, https://goo.gl/fbAQLP

exports[`Autocomplete component should render 1`] = `
<div
  className="autocomplete-container"
>
  <form
    onSubmit={[Function]}
  >
    <span
      className="search-input"
    >
      <input
        data-testid="search-input"
        onChange={[Function]}
        onKeyDown={[Function]}
        placeholder=""
        type="text"
        value=""
      />
      <span
        className="search-input__suffix"
        data-testid="search-input-suffix"
        onClick={[Function]}
        onKeyPress={[Function]}
        role="presentation"
      >
        <test-file-stub
          height={14}
          width={14}
        />
      </span>
    </span>
  </form>
  <div
    className="autocomplete-menu"
  >
    <div
      className="dropdown-menu__panel"
    />
  </div>
</div>
`;

exports[`Autocomplete component with props: showDropwdownUpdated & clearOnSelect should render 1`] = `
<div
  className="autocomplete-container"
>
  <form
    onSubmit={[Function]}
  >
    <span
      className="search-input"
    >
      <input
        data-testid="search-input"
        onChange={[Function]}
        onKeyDown={[Function]}
        placeholder=""
        type="text"
        value=""
      />
      <span
        className="search-input__suffix"
        data-testid="search-input-suffix"
        onClick={[Function]}
        onKeyPress={[Function]}
        role="presentation"
      >
        <test-file-stub
          height={14}
          width={14}
        />
      </span>
    </span>
  </form>
  <div
    className="autocomplete-menu"
  >
    <div
      className="dropdown-menu__panel"
    />
  </div>
</div>
`;
