// Jest Snapshot v1, https://goo.gl/fbAQLP

exports[`Autocomplete component should render 1`] = `
<div
  className="autocomplete-container"
>
  <form
    onSubmit={[Function]}
  >
    <span
      className="search-input"
    >
      <input
        onChange={[Function]}
        onKeyDown={[Function]}
        placeholder=""
        props={Object {}}
        type="text"
        value=""
      />
      <test-file-stub
        className="search-input__icon"
        height={14}
        width={14}
      />
    </span>
  </form>
  <div
    className="autocomplete-menu"
  >
    <div
      className="dropdown-menu__panel"
    />
  </div>
</div>
`;

exports[`Autocomplete component with props: showDropwdownUpdated & clearOnSelect should render 1`] = `
<div
  className="autocomplete-container"
>
  <form
    onSubmit={[Function]}
  >
    <span
      className="search-input"
    >
      <input
        onChange={[Function]}
        onKeyDown={[Function]}
        placeholder=""
        props={Object {}}
        type="text"
        value=""
      />
      <test-file-stub
        className="search-input__icon"
        height={14}
        width={14}
      />
    </span>
  </form>
  <div
    className="autocomplete-menu"
  >
    <div
      className="dropdown-menu__panel"
    />
  </div>
</div>
`;
