// Jest Snapshot v1, https://goo.gl/fbAQLP

exports[`DataList should render autoload 1`] = `
<DocumentFragment>
  <ul
    class="data-list no-bullet"
  >
    <li>
      <p>
        0
      </p>
    </li>
    <li>
      <p>
        1
      </p>
    </li>
    <li>
      <p>
        2
      </p>
    </li>
    <li>
      <p>
        3
      </p>
    </li>
    <li>
      <p>
        4
      </p>
    </li>
    <li>
      <p>
        5
      </p>
    </li>
    <li>
      <p>
        6
      </p>
    </li>
    <li>
      <p>
        7
      </p>
    </li>
    <li>
      <p>
        8
      </p>
    </li>
    <li>
      <p>
        9
      </p>
    </li>
  </ul>
  <div
    class="data-loader__loading"
  >
    <button
      class="button secondary"
      data-testid="click-to-load-more"
      type="button"
    >
      Load more data
    </button>
  </div>
</DocumentFragment>
`;

exports[`DataList should render click-to-load 1`] = `
<DocumentFragment>
  <ul
    class="data-list no-bullet"
  >
    <li>
      <p>
        0
      </p>
    </li>
    <li>
      <p>
        1
      </p>
    </li>
    <li>
      <p>
        2
      </p>
    </li>
    <li>
      <p>
        3
      </p>
    </li>
    <li>
      <p>
        4
      </p>
    </li>
    <li>
      <p>
        5
      </p>
    </li>
    <li>
      <p>
        6
      </p>
    </li>
    <li>
      <p>
        7
      </p>
    </li>
    <li>
      <p>
        8
      </p>
    </li>
    <li>
      <p>
        9
      </p>
    </li>
  </ul>
  <div
    class="data-loader__loading"
  >
    <button
      class="button secondary"
      data-testid="click-to-load-more"
      type="button"
    >
      Load more data
    </button>
  </div>
</DocumentFragment>
`;
