// Jest Snapshot v1, https://goo.gl/fbAQLP

exports[`DataList should render 1`] = `
<DocumentFragment>
  <div
    class="data-loader__wrapper"
  >
    <div
      class="data-loader__scroll-container"
    >
      <div
        class="card  "
      >
        <div
          class="card__content"
        >
          <p>
            0
          </p>
        </div>
      </div>
      <div
        class="card  "
      >
        <div
          class="card__content"
        >
          <p>
            1
          </p>
        </div>
      </div>
      <div
        class="card  "
      >
        <div
          class="card__content"
        >
          <p>
            2
          </p>
        </div>
      </div>
      <div
        class="card  "
      >
        <div
          class="card__content"
        >
          <p>
            3
          </p>
        </div>
      </div>
      <div
        class="card  "
      >
        <div
          class="card__content"
        >
          <p>
            4
          </p>
        </div>
      </div>
      <div
        class="card  "
      >
        <div
          class="card__content"
        >
          <p>
            5
          </p>
        </div>
      </div>
      <div
        class="card  "
      >
        <div
          class="card__content"
        >
          <p>
            6
          </p>
        </div>
      </div>
      <div
        class="card  "
      >
        <div
          class="card__content"
        >
          <p>
            7
          </p>
        </div>
      </div>
      <div
        class="card  "
      >
        <div
          class="card__content"
        >
          <p>
            8
          </p>
        </div>
      </div>
      <div
        class="card  "
      >
        <div
          class="card__content"
        >
          <p>
            9
          </p>
        </div>
      </div>
      <div
        class="data-loader__loading"
      >
        Loading...
      </div>
    </div>
  </div>
</DocumentFragment>
`;
