// Jest Snapshot v1, https://goo.gl/fbAQLP

exports[`DataList should render 1`] = `
<DocumentFragment>
  <div
    data-loader-scroll="data-list"
    data-testid="scroll-container"
    style="height: 65vh; overflow-y: auto;"
  >
    <section>
      <p>
        0
      </p>
    </section>
    <section>
      <p>
        1
      </p>
    </section>
    <section>
      <p>
        2
      </p>
    </section>
    <section>
      <p>
        3
      </p>
    </section>
    <section>
      <p>
        4
      </p>
    </section>
    <section>
      <p>
        5
      </p>
    </section>
    <section>
      <p>
        6
      </p>
    </section>
    <section>
      <p>
        7
      </p>
    </section>
    <section>
      <p>
        8
      </p>
    </section>
    <section>
      <p>
        9
      </p>
    </section>
    <div
      class="data-loader__loading"
    >
      Loading...
    </div>
  </div>
</DocumentFragment>
`;
