// Jest Snapshot v1, https://goo.gl/fbAQLP

exports[`DataTable should render 1`] = `
<DocumentFragment>
  <div
    class="data-loader__wrapper"
  >
    <div
      class="data-loader__scroll-container"
    >
      <table
        class="data-table   "
      >
        <thead
          class="data-table__header"
        >
          <tr
            class="data-table__row"
          >
            <th
              class="data-table__header-cell data-table__header-cell--checkbox"
            >
               
            </th>
            <th
              class="data-table__header-cell data-table__header-cell--ascend"
              style="width: auto;"
            >
              Column 1
            </th>
            <th
              class="data-table__header-cell "
              style="width: auto;"
            >
              Column 2
            </th>
            <th
              class="data-table__header-cell data-table__header-cell--sortable"
              style="width: auto;"
            >
              Column 3
            </th>
          </tr>
        </thead>
        <tbody
          class="data-table__table__body"
        >
          <tr>
            <td
              class="data-table__cell data-table__cell--selected"
            >
              <input
                checked=""
                type="checkbox"
              />
            </td>
            <td
              class="data-table__cell data-table__cell--selected "
            >
              foo
            </td>
            <td
              class="data-table__cell data-table__cell--selected "
            >
              bar
            </td>
            <td
              class="data-table__cell data-table__cell--selected "
            >
              baz
            </td>
          </tr>
          <tr>
            <td
              class="data-table__cell data-table__cell--odd "
            >
              <input
                type="checkbox"
              />
            </td>
            <td
              class="data-table__cell data-table__cell--odd  "
            >
              foo
            </td>
            <td
              class="data-table__cell data-table__cell--odd  "
            >
              bar
            </td>
            <td
              class="data-table__cell data-table__cell--odd  "
            >
              baz
            </td>
          </tr>
          <tr>
            <td
              class="data-table__cell "
            >
              <input
                type="checkbox"
              />
            </td>
            <td
              class="data-table__cell  "
            >
              foo
            </td>
            <td
              class="data-table__cell  "
            >
              bar
            </td>
            <td
              class="data-table__cell  "
            >
              baz
            </td>
          </tr>
          <tr>
            <td
              class="data-table__cell data-table__cell--odd "
            >
              <input
                type="checkbox"
              />
            </td>
            <td
              class="data-table__cell data-table__cell--odd  "
            >
              foo
            </td>
            <td
              class="data-table__cell data-table__cell--odd  "
            >
              bar
            </td>
            <td
              class="data-table__cell data-table__cell--odd  "
            >
              baz
            </td>
          </tr>
          <tr>
            <td
              class="data-table__cell "
            >
              <input
                type="checkbox"
              />
            </td>
            <td
              class="data-table__cell  "
            >
              foo
            </td>
            <td
              class="data-table__cell  "
            >
              bar
            </td>
            <td
              class="data-table__cell  "
            >
              baz
            </td>
          </tr>
          <tr>
            <td
              class="data-table__cell data-table__cell--odd "
            >
              <input
                type="checkbox"
              />
            </td>
            <td
              class="data-table__cell data-table__cell--odd  "
            >
              foo
            </td>
            <td
              class="data-table__cell data-table__cell--odd  "
            >
              bar
            </td>
            <td
              class="data-table__cell data-table__cell--odd  "
            >
              baz
            </td>
          </tr>
          <tr>
            <td
              class="data-table__cell "
            >
              <input
                type="checkbox"
              />
            </td>
            <td
              class="data-table__cell  "
            >
              foo
            </td>
            <td
              class="data-table__cell  "
            >
              bar
            </td>
            <td
              class="data-table__cell  "
            >
              baz
            </td>
          </tr>
          <tr>
            <td
              class="data-table__cell data-table__cell--odd "
            >
              <input
                type="checkbox"
              />
            </td>
            <td
              class="data-table__cell data-table__cell--odd  "
            >
              foo
            </td>
            <td
              class="data-table__cell data-table__cell--odd  "
            >
              bar
            </td>
            <td
              class="data-table__cell data-table__cell--odd  "
            >
              baz
            </td>
          </tr>
          <tr>
            <td
              class="data-table__cell "
            >
              <input
                type="checkbox"
              />
            </td>
            <td
              class="data-table__cell  "
            >
              foo
            </td>
            <td
              class="data-table__cell  "
            >
              bar
            </td>
            <td
              class="data-table__cell  "
            >
              baz
            </td>
          </tr>
          <tr>
            <td
              class="data-table__cell data-table__cell--odd "
            >
              <input
                type="checkbox"
              />
            </td>
            <td
              class="data-table__cell data-table__cell--odd  "
            >
              foo
            </td>
            <td
              class="data-table__cell data-table__cell--odd  "
            >
              bar
            </td>
            <td
              class="data-table__cell data-table__cell--odd  "
            >
              baz
            </td>
          </tr>
        </tbody>
      </table>
      <div
        class="data-loader__loading"
      >
        Loading...
      </div>
    </div>
  </div>
</DocumentFragment>
`;
