// Jest Snapshot v1, https://goo.gl/fbAQLP

exports[`DataTable should render 1`] = `
<DocumentFragment>
  <div
    class="data-loader__wrapper"
  >
    <div
      class="data-loader__scroll-container"
    >
      <table
        class="data-table__table"
      >
        <thead
          class="data-table__table__header"
        >
          <tr
            class="data-table__table__header__row"
          >
            <th
              class="data-table__table__header__row__cell"
            >
               
            </th>
            <th
              class="data-table__table__header__row__cell data-table__table__header__row__cell--ascend"
            >
              Column 1
            </th>
            <th
              class="data-table__table__header__row__cell "
            >
              Column 2
            </th>
            <th
              class="data-table__table__header__row__cell data-table__table__header__row__cell--sortable"
            >
              Column 3
            </th>
          </tr>
        </thead>
        <tbody
          class="data-table__table__body"
        >
          <tr>
            <td
              class="data-table__table__body__cell "
            >
              <input
                type="checkbox"
              />
            </td>
            <td
              class="data-table__table__body__cell "
            >
              foo
            </td>
            <td
              class="data-table__table__body__cell "
            >
              bar
            </td>
            <td
              class="data-table__table__body__cell "
            >
              baz
            </td>
          </tr>
          <tr>
            <td
              class="data-table__table__body__cell data-table__table__body__cell--odd "
            >
              <input
                type="checkbox"
              />
            </td>
            <td
              class="data-table__table__body__cell data-table__table__body__cell--odd "
            >
              foo
            </td>
            <td
              class="data-table__table__body__cell data-table__table__body__cell--odd "
            >
              bar
            </td>
            <td
              class="data-table__table__body__cell data-table__table__body__cell--odd "
            >
              baz
            </td>
          </tr>
          <tr>
            <td
              class="data-table__table__body__cell "
            >
              <input
                type="checkbox"
              />
            </td>
            <td
              class="data-table__table__body__cell "
            >
              foo
            </td>
            <td
              class="data-table__table__body__cell "
            >
              bar
            </td>
            <td
              class="data-table__table__body__cell "
            >
              baz
            </td>
          </tr>
          <tr>
            <td
              class="data-table__table__body__cell data-table__table__body__cell--odd "
            >
              <input
                type="checkbox"
              />
            </td>
            <td
              class="data-table__table__body__cell data-table__table__body__cell--odd "
            >
              foo
            </td>
            <td
              class="data-table__table__body__cell data-table__table__body__cell--odd "
            >
              bar
            </td>
            <td
              class="data-table__table__body__cell data-table__table__body__cell--odd "
            >
              baz
            </td>
          </tr>
          <tr>
            <td
              class="data-table__table__body__cell "
            >
              <input
                type="checkbox"
              />
            </td>
            <td
              class="data-table__table__body__cell "
            >
              foo
            </td>
            <td
              class="data-table__table__body__cell "
            >
              bar
            </td>
            <td
              class="data-table__table__body__cell "
            >
              baz
            </td>
          </tr>
          <tr>
            <td
              class="data-table__table__body__cell data-table__table__body__cell--odd "
            >
              <input
                type="checkbox"
              />
            </td>
            <td
              class="data-table__table__body__cell data-table__table__body__cell--odd "
            >
              foo
            </td>
            <td
              class="data-table__table__body__cell data-table__table__body__cell--odd "
            >
              bar
            </td>
            <td
              class="data-table__table__body__cell data-table__table__body__cell--odd "
            >
              baz
            </td>
          </tr>
          <tr>
            <td
              class="data-table__table__body__cell "
            >
              <input
                type="checkbox"
              />
            </td>
            <td
              class="data-table__table__body__cell "
            >
              foo
            </td>
            <td
              class="data-table__table__body__cell "
            >
              bar
            </td>
            <td
              class="data-table__table__body__cell "
            >
              baz
            </td>
          </tr>
          <tr>
            <td
              class="data-table__table__body__cell data-table__table__body__cell--odd "
            >
              <input
                type="checkbox"
              />
            </td>
            <td
              class="data-table__table__body__cell data-table__table__body__cell--odd "
            >
              foo
            </td>
            <td
              class="data-table__table__body__cell data-table__table__body__cell--odd "
            >
              bar
            </td>
            <td
              class="data-table__table__body__cell data-table__table__body__cell--odd "
            >
              baz
            </td>
          </tr>
          <tr>
            <td
              class="data-table__table__body__cell "
            >
              <input
                type="checkbox"
              />
            </td>
            <td
              class="data-table__table__body__cell "
            >
              foo
            </td>
            <td
              class="data-table__table__body__cell "
            >
              bar
            </td>
            <td
              class="data-table__table__body__cell "
            >
              baz
            </td>
          </tr>
          <tr>
            <td
              class="data-table__table__body__cell data-table__table__body__cell--odd "
            >
              <input
                type="checkbox"
              />
            </td>
            <td
              class="data-table__table__body__cell data-table__table__body__cell--odd "
            >
              foo
            </td>
            <td
              class="data-table__table__body__cell data-table__table__body__cell--odd "
            >
              bar
            </td>
            <td
              class="data-table__table__body__cell data-table__table__body__cell--odd "
            >
              baz
            </td>
          </tr>
        </tbody>
      </table>
      <div
        class="data-loader__loading"
      >
        <h4>
          Loading...
        </h4>
      </div>
    </div>
  </div>
</DocumentFragment>
`;
