// Jest Snapshot v1, https://goo.gl/fbAQLP

exports[`DoughnutChart component should render 1`] = `
<div
  className="circle"
  style={
    Object {
      "backgroundColor": "#cacaca",
      "borderRadius": 60,
      "height": 120,
      "width": 120,
    }
  }
>
  <div
    className="left-wrap"
    style={
      Object {
        "height": 120,
        "left": 0,
        "width": 60,
      }
    }
  >
    <div
      className="loader"
      id="id1"
      style={
        Object {
          "backgroundColor": "#22424B",
          "borderBottomLeftRadius": 0,
          "borderTopLeftRadius": 0,
          "height": 120,
          "left": 60,
          "transform": "rotate(0deg)",
          "width": 60,
        }
      }
    />
  </div>
  <div
    className="right-wrap"
    style={
      Object {
        "height": 120,
        "left": 60,
        "width": 60,
      }
    }
  >
    <div
      className="loader2"
      id="id2"
      style={
        Object {
          "backgroundColor": "#22424B",
          "borderBottomRightRadius": 0,
          "borderTopRightRadius": 0,
          "height": 120,
          "left": -60,
          "transform": "rotate(144deg)",
          "width": 60,
        }
      }
    />
  </div>
  <div
    className="inner-circle"
    style={
      Object {
        "backgroundColor": "#fff",
        "borderRadius": 40,
        "height": 80,
        "left": 20,
        "top": 20,
        "width": 80,
      }
    }
  >
    <span>
      Some content
    </span>
  </div>
</div>
`;
