// Jest Snapshot v1, https://goo.gl/fbAQLP

exports[`DoughnutChart component should render 1`] = `
<span
  className="doughnut-chart--medium colour-azureish-white"
>
  <span
    className="doughnut-chart--medium__left-wrap"
  >
    <span
      className="doughnut-chart--medium__left-wrap__loader colour-sea-blue"
      style={
        Object {
          "transform": "rotate(0deg)",
        }
      }
    />
  </span>
  <span
    className="doughnut-chart--medium__right-wrap"
  >
    <span
      className="doughnut-chart--medium__right-wrap__loader colour-sea-blue"
      style={
        Object {
          "transform": "rotate(144deg)",
        }
      }
    />
  </span>
  <span
    className="doughnut-chart--medium__inner-circle"
    style={Object {}}
  >
    <span>
      Some content
    </span>
  </span>
</span>
`;
