// Jest Snapshot v1, https://jestjs.io/docs/snapshot-testing

exports[`EvidenceTag component should render tag and toggle visibility of content 1`] = `
<DocumentFragment>
  <button
    aria-controls="2"
    aria-expanded="true"
    class="evidence-tag"
    data-testid="evidence-tag-trigger"
    type="button"
  >
    <test-file-stub
      height="12"
      width="12"
    />
    <span
      class="evidence-tag__label"
    >
      My evidence
    </span>
  </button>
  <div
    class="evidence-tag-content evidence-tag-content--visible"
    data-testid="evidence-tag-content"
    id="2"
  >
    <p>
      Some content
    </p>
  </div>
</DocumentFragment>
`;
