// Jest Snapshot v1, https://goo.gl/fbAQLP

exports[`EvidenceTag component should render tag and toggle visibility of content 1`] = `
<DocumentFragment>
  <span
    class="evidence-tag "
    data-testid="evidence-tag-trigger"
    role="button"
    tabindex="0"
  >
    <test-file-stub
      height="12"
      width="12"
    />
    <span
      class="evidence-tag__label"
      title="My title"
    >
      My evidence
    </span>
  </span>
  <div
    class="evidence-tag-content evidence-tag-content--visible"
    data-testid="evidence-tag-content"
  >
    <p>
      Some content
    </p>
  </div>
</DocumentFragment>
`;
