// Jest Snapshot v1, https://goo.gl/fbAQLP

exports[`Header component should render 1`] = `
<div
  className="header"
>
  <div
    className="header__logo"
  >
    <a
      href="/"
      onClick={[Function]}
    />
  </div>
  <ul
    className="header__navigation"
  >
    <li>
      <a
        href="/there"
        onClick={[Function]}
      >
        there
      </a>
    </li>
  </ul>
  <div
    className="header__search"
  />
</div>
`;
