// Jest Snapshot v1, https://goo.gl/fbAQLP

exports[`Header component should render 1`] = `
<DocumentFragment>
  <div
    class="header"
  >
    <div
      class="header__logo"
    >
      <a
        href="/"
      />
    </div>
    <ul
      class="header__navigation"
    >
      <li>
        <a
          class="button tertiary"
          href="/here"
        >
          <strong>
            here
          </strong>
        </a>
      </li>
      <li>
        <a
          class="button tertiary"
          href="/there"
        >
          there
        </a>
      </li>
      <li>
        <a
          class="button tertiary"
          href="www.ebi.ac.uk"
          rel="noopener noreferrer"
          target="_blank"
        >
          EBI
        </a>
      </li>
      <li>
        <button
          class="button tertiary"
          type="button"
        >
          action
        </button>
      </li>
      <li>
        <div
          class="dropdown-container"
        >
          <button
            class="button primary dropdown"
            type="button"
          >
            sub links
          </button>
          <div
            class="dropdown-menu"
          />
        </div>
      </li>
    </ul>
    <div
      class="header__search"
    >
      <form
        class="main-search"
        data-testid="main-search-form"
        style="--main-button-color: #00639a;"
      >
        <div
          class="main-search__input"
        >
          <input
            aria-label="Text query"
            class="main-search__input"
            data-testid="main-search-input"
            type="text"
            value=""
          />
        </div>
        <button
          class="button primary"
          type="submit"
        >
          Search
        </button>
      </form>
    </div>
    <div
      class="header__secondary"
    >
      <ul
        class="header__navigation"
      >
        <li>
          <a
            class="button tertiary"
            href="/"
          >
            <test-file-stub />
          </a>
        </li>
        <li>
          <a
            class="button tertiary"
            href="/"
          >
            <test-file-stub />
          </a>
        </li>
        <li>
          <a
            class="button tertiary"
            href="/"
          >
            <test-file-stub />
          </a>
        </li>
      </ul>
    </div>
  </div>
</DocumentFragment>
`;
