// Jest Snapshot v1, https://goo.gl/fbAQLP

exports[`Header component should render 1`] = `
<DocumentFragment>
  <div
    class="header"
  >
    <div
      class="header__logo"
    >
      <a
        href="/"
      />
    </div>
    <div
      class="header__navigation"
    >
      <a
        href="/here"
      >
        here
      </a>
      <a
        href="/there"
      >
        there
      </a>
      <a
        class="external-link"
        href="www.ebi.ac.uk"
        rel="noopener"
        target="_blank"
      >
        EBI
        <test-file-stub
          data-testid="external-link-icon"
          width="12.5"
        />
      </a>
      <button
        class="button primary"
        type="button"
      >
        Action
      </button>
      <div
        aria-expanded="false"
        aria-haspopup="true"
        class="dropdown"
      >
        <button
          class="button tertiary"
          type="button"
        >
          sub links
        </button>
      </div>
    </div>
    <div
      class="header__search"
    >
      <form
        aria-label="Main search"
        class="main-search"
      >
        <div
          class="main-search__input-container"
        >
          <input
            aria-label="Text query"
            type="search"
            value=""
          />
        </div>
        <button
          class="button primary"
          type="submit"
        >
          Search
        </button>
      </form>
    </div>
    <div
      class="header__secondary"
    >
      <div
        class="header__navigation"
      >
        <a
          href="/"
        >
          <test-file-stub />
        </a>
        <a
          href="/"
        >
          <test-file-stub />
        </a>
        <a
          href="/"
        >
          <test-file-stub />
        </a>
      </div>
    </div>
  </div>
</DocumentFragment>
`;
