// Jest Snapshot v1, https://goo.gl/fbAQLP

exports[`Hero Header component should render 1`] = `
<div
  className="hero-header"
>
  <div
    className="hero-header__content"
  >
    <h1>
      Title
    </h1>
    <input
      type="text"
    />
  </div>
  <div
    className="hero-header__footer"
  >
    <span>
      Footer
    </span>
  </div>
</div>
`;
