// Jest Snapshot v1, https://jestjs.io/docs/snapshot-testing

exports[`PageIntro component should render 1`] = `
<DocumentFragment>
  <div
    class="page-intro"
  >
    <h1
      class=""
    >
      Title
      <small>
         1,000 results 
      </small>
    </h1>
    <div>
      Some content
    </div>
  </div>
</DocumentFragment>
`;
