// Jest Snapshot v1, https://goo.gl/fbAQLP

exports[`Sequence component should render 1`] = `
"<Fragment>
  <div className=\\"action-bar\\">
    <DropdownButton label=\\"Highlight\\">
      <div className=\\"dropdown-menu__content\\">
        <label htmlFor=\\"Polar\\">
          <input type=\\"checkbox\\" onClick={[Function: onClick]} id=\\"Polar\\" />
          Polar
        </label>
        <label htmlFor=\\"Hydrophobic\\">
          <input type=\\"checkbox\\" onClick={[Function: onClick]} id=\\"Hydrophobic\\" />
          Hydrophobic
        </label>
      </div>
    </DropdownButton>
    <CopyToClipboard text=\\"MFNFPHPAIDLASRMKSSPLMAGGSSSASSEDLFSPPMMEDLDTPMTEYPMGSPPRMPYRGEDIEIAFLRSEASIKKSSLFNDKFAATLDDLSARPIDSASLIGKLQSMTRSVREILDSGGEDIEIAFLRSEASIKKSSLFNDKFAATLDDLSARPIDSASLIGKLQSMTRSVREILDSGDQLVHEDGPQEILKQFVRVVNKHLCQDEDIHTVLAPLALEPEEKFHIIQTYYQAISMTQFDQLVHEDGPQEILKQFVRVVNKHLCQDEDIHTVLAPLALEPEEKFHIIQTYYQAISMTQFVSPKWTSSLLSDALCRRANIVTVFNGQGVEGYFSELQHLYDTYGGLLAEPLYALSKQLKGVSPKWTSSLLSDALCRRANIVTVFNGQGVEGYFSELQHLYDTYGGLLAEPLYALSKQLKGLASDVRAQDMYPHGLDVIGWLENPEARPSTDYLLSAPVSQPLIGLVQLLNYAITCKILNKLASDVRAQDMYPHGLDVIGWLENPEARPSTDYLLSAPVSQPLIGLVQLLNYAITCKILNKSPGEFARHLSGSAGHSQGIVVAAMLATVVSWPTFFDAASTALQVLFWIGCRSQQCYPSHSSPGEFARHLSGSAGHSQGIVVAAMLATVVSWPTFFDAASTALQVLFWIGCRSQQCYPSHSIPPSLVDQSERLSPMLSVKGASRESLLKYLDEHNRHLPPAQQGSLALINGRQQFVVAGNPIPPSLVDQSERLSPMLSVKGASRESLLKYLDEHNRHLPPAQQGSLALINGRQQFVVAGNPLSLYAFANKLRAASNNSSTTNTARVPFSQRPLLITARFLPISVPFHTSLLEDAEAQILEDED\\" onCopy={[Function: onCopy]} options={[undefined]}>
      <button type=\\"button\\" className=\\"button sequence__copy-button\\">
        Copy sequence
      </button>
    </CopyToClipboard>
  </div>
  <div className=\\"sequence\\">
    <div className=\\"sequence__sequence\\">
      <span className=\\"sequence__sequence__chunk\\">
        <SequenceChunk sequence=\\"MFNFPHPAID\\" textSize={{...}} chunkSize={10} chunkNumber={0} highlights={{...}} />
      </span>
      <span className=\\"sequence__sequence__chunk\\">
        <SequenceChunk sequence=\\"LASRMKSSPL\\" textSize={{...}} chunkSize={10} chunkNumber={1} highlights={{...}} />
      </span>
      <span className=\\"sequence__sequence__chunk\\">
        <SequenceChunk sequence=\\"MAGGSSSASS\\" textSize={{...}} chunkSize={10} chunkNumber={2} highlights={{...}} />
      </span>
      <span className=\\"sequence__sequence__chunk\\">
        <SequenceChunk sequence=\\"EDLFSPPMME\\" textSize={{...}} chunkSize={10} chunkNumber={3} highlights={{...}} />
      </span>
      <span className=\\"sequence__sequence__chunk\\">
        <SequenceChunk sequence=\\"DLDTPMTEYP\\" textSize={{...}} chunkSize={10} chunkNumber={4} highlights={{...}} />
      </span>
      <span className=\\"sequence__sequence__chunk\\">
        <SequenceChunk sequence=\\"MGSPPRMPYR\\" textSize={{...}} chunkSize={10} chunkNumber={5} highlights={{...}} />
      </span>
      <span className=\\"sequence__sequence__chunk\\">
        <SequenceChunk sequence=\\"GEDIEIAFLR\\" textSize={{...}} chunkSize={10} chunkNumber={6} highlights={{...}} />
      </span>
      <span className=\\"sequence__sequence__chunk\\">
        <SequenceChunk sequence=\\"SEASIKKSSL\\" textSize={{...}} chunkSize={10} chunkNumber={7} highlights={{...}} />
      </span>
      <span className=\\"sequence__sequence__chunk\\">
        <SequenceChunk sequence=\\"FNDKFAATLD\\" textSize={{...}} chunkSize={10} chunkNumber={8} highlights={{...}} />
      </span>
      <span className=\\"sequence__sequence__chunk\\">
        <SequenceChunk sequence=\\"DLSARPIDSA\\" textSize={{...}} chunkSize={10} chunkNumber={9} highlights={{...}} />
      </span>
      <span className=\\"sequence__sequence__chunk\\">
        <SequenceChunk sequence=\\"SLIGKLQSMT\\" textSize={{...}} chunkSize={10} chunkNumber={10} highlights={{...}} />
      </span>
      <span className=\\"sequence__sequence__chunk\\">
        <SequenceChunk sequence=\\"RSVREILDSG\\" textSize={{...}} chunkSize={10} chunkNumber={11} highlights={{...}} />
      </span>
      <span className=\\"sequence__sequence__chunk\\">
        <SequenceChunk sequence=\\"GEDIEIAFLR\\" textSize={{...}} chunkSize={10} chunkNumber={12} highlights={{...}} />
      </span>
      <span className=\\"sequence__sequence__chunk\\">
        <SequenceChunk sequence=\\"SEASIKKSSL\\" textSize={{...}} chunkSize={10} chunkNumber={13} highlights={{...}} />
      </span>
      <span className=\\"sequence__sequence__chunk\\">
        <SequenceChunk sequence=\\"FNDKFAATLD\\" textSize={{...}} chunkSize={10} chunkNumber={14} highlights={{...}} />
      </span>
      <span className=\\"sequence__sequence__chunk\\">
        <SequenceChunk sequence=\\"DLSARPIDSA\\" textSize={{...}} chunkSize={10} chunkNumber={15} highlights={{...}} />
      </span>
      <span className=\\"sequence__sequence__chunk\\">
        <SequenceChunk sequence=\\"SLIGKLQSMT\\" textSize={{...}} chunkSize={10} chunkNumber={16} highlights={{...}} />
      </span>
      <span className=\\"sequence__sequence__chunk\\">
        <SequenceChunk sequence=\\"RSVREILDSG\\" textSize={{...}} chunkSize={10} chunkNumber={17} highlights={{...}} />
      </span>
      <span className=\\"sequence__sequence__chunk\\">
        <SequenceChunk sequence=\\"DQLVHEDGPQ\\" textSize={{...}} chunkSize={10} chunkNumber={18} highlights={{...}} />
      </span>
      <span className=\\"sequence__sequence__chunk\\">
        <SequenceChunk sequence=\\"EILKQFVRVV\\" textSize={{...}} chunkSize={10} chunkNumber={19} highlights={{...}} />
      </span>
      <span className=\\"sequence__sequence__chunk\\">
        <SequenceChunk sequence=\\"NKHLCQDEDI\\" textSize={{...}} chunkSize={10} chunkNumber={20} highlights={{...}} />
      </span>
      <span className=\\"sequence__sequence__chunk\\">
        <SequenceChunk sequence=\\"HTVLAPLALE\\" textSize={{...}} chunkSize={10} chunkNumber={21} highlights={{...}} />
      </span>
      <span className=\\"sequence__sequence__chunk\\">
        <SequenceChunk sequence=\\"PEEKFHIIQT\\" textSize={{...}} chunkSize={10} chunkNumber={22} highlights={{...}} />
      </span>
      <span className=\\"sequence__sequence__chunk\\">
        <SequenceChunk sequence=\\"YYQAISMTQF\\" textSize={{...}} chunkSize={10} chunkNumber={23} highlights={{...}} />
      </span>
      <span className=\\"sequence__sequence__chunk\\">
        <SequenceChunk sequence=\\"DQLVHEDGPQ\\" textSize={{...}} chunkSize={10} chunkNumber={24} highlights={{...}} />
      </span>
      <span className=\\"sequence__sequence__chunk\\">
        <SequenceChunk sequence=\\"EILKQFVRVV\\" textSize={{...}} chunkSize={10} chunkNumber={25} highlights={{...}} />
      </span>
      <span className=\\"sequence__sequence__chunk\\">
        <SequenceChunk sequence=\\"NKHLCQDEDI\\" textSize={{...}} chunkSize={10} chunkNumber={26} highlights={{...}} />
      </span>
      <span className=\\"sequence__sequence__chunk\\">
        <SequenceChunk sequence=\\"HTVLAPLALE\\" textSize={{...}} chunkSize={10} chunkNumber={27} highlights={{...}} />
      </span>
      <span className=\\"sequence__sequence__chunk\\">
        <SequenceChunk sequence=\\"PEEKFHIIQT\\" textSize={{...}} chunkSize={10} chunkNumber={28} highlights={{...}} />
      </span>
      <span className=\\"sequence__sequence__chunk\\">
        <SequenceChunk sequence=\\"YYQAISMTQF\\" textSize={{...}} chunkSize={10} chunkNumber={29} highlights={{...}} />
      </span>
      <span className=\\"sequence__sequence__chunk\\">
        <SequenceChunk sequence=\\"VSPKWTSSLL\\" textSize={{...}} chunkSize={10} chunkNumber={30} highlights={{...}} />
      </span>
      <span className=\\"sequence__sequence__chunk\\">
        <SequenceChunk sequence=\\"SDALCRRANI\\" textSize={{...}} chunkSize={10} chunkNumber={31} highlights={{...}} />
      </span>
      <span className=\\"sequence__sequence__chunk\\">
        <SequenceChunk sequence=\\"VTVFNGQGVE\\" textSize={{...}} chunkSize={10} chunkNumber={32} highlights={{...}} />
      </span>
      <span className=\\"sequence__sequence__chunk\\">
        <SequenceChunk sequence=\\"GYFSELQHLY\\" textSize={{...}} chunkSize={10} chunkNumber={33} highlights={{...}} />
      </span>
      <span className=\\"sequence__sequence__chunk\\">
        <SequenceChunk sequence=\\"DTYGGLLAEP\\" textSize={{...}} chunkSize={10} chunkNumber={34} highlights={{...}} />
      </span>
      <span className=\\"sequence__sequence__chunk\\">
        <SequenceChunk sequence=\\"LYALSKQLKG\\" textSize={{...}} chunkSize={10} chunkNumber={35} highlights={{...}} />
      </span>
      <span className=\\"sequence__sequence__chunk\\">
        <SequenceChunk sequence=\\"VSPKWTSSLL\\" textSize={{...}} chunkSize={10} chunkNumber={36} highlights={{...}} />
      </span>
      <span className=\\"sequence__sequence__chunk\\">
        <SequenceChunk sequence=\\"SDALCRRANI\\" textSize={{...}} chunkSize={10} chunkNumber={37} highlights={{...}} />
      </span>
      <span className=\\"sequence__sequence__chunk\\">
        <SequenceChunk sequence=\\"VTVFNGQGVE\\" textSize={{...}} chunkSize={10} chunkNumber={38} highlights={{...}} />
      </span>
      <span className=\\"sequence__sequence__chunk\\">
        <SequenceChunk sequence=\\"GYFSELQHLY\\" textSize={{...}} chunkSize={10} chunkNumber={39} highlights={{...}} />
      </span>
      <span className=\\"sequence__sequence__chunk\\">
        <SequenceChunk sequence=\\"DTYGGLLAEP\\" textSize={{...}} chunkSize={10} chunkNumber={40} highlights={{...}} />
      </span>
      <span className=\\"sequence__sequence__chunk\\">
        <SequenceChunk sequence=\\"LYALSKQLKG\\" textSize={{...}} chunkSize={10} chunkNumber={41} highlights={{...}} />
      </span>
      <span className=\\"sequence__sequence__chunk\\">
        <SequenceChunk sequence=\\"LASDVRAQDM\\" textSize={{...}} chunkSize={10} chunkNumber={42} highlights={{...}} />
      </span>
      <span className=\\"sequence__sequence__chunk\\">
        <SequenceChunk sequence=\\"YPHGLDVIGW\\" textSize={{...}} chunkSize={10} chunkNumber={43} highlights={{...}} />
      </span>
      <span className=\\"sequence__sequence__chunk\\">
        <SequenceChunk sequence=\\"LENPEARPST\\" textSize={{...}} chunkSize={10} chunkNumber={44} highlights={{...}} />
      </span>
      <span className=\\"sequence__sequence__chunk\\">
        <SequenceChunk sequence=\\"DYLLSAPVSQ\\" textSize={{...}} chunkSize={10} chunkNumber={45} highlights={{...}} />
      </span>
      <span className=\\"sequence__sequence__chunk\\">
        <SequenceChunk sequence=\\"PLIGLVQLLN\\" textSize={{...}} chunkSize={10} chunkNumber={46} highlights={{...}} />
      </span>
      <span className=\\"sequence__sequence__chunk\\">
        <SequenceChunk sequence=\\"YAITCKILNK\\" textSize={{...}} chunkSize={10} chunkNumber={47} highlights={{...}} />
      </span>
      <span className=\\"sequence__sequence__chunk\\">
        <SequenceChunk sequence=\\"LASDVRAQDM\\" textSize={{...}} chunkSize={10} chunkNumber={48} highlights={{...}} />
      </span>
      <span className=\\"sequence__sequence__chunk\\">
        <SequenceChunk sequence=\\"YPHGLDVIGW\\" textSize={{...}} chunkSize={10} chunkNumber={49} highlights={{...}} />
      </span>
      <span className=\\"sequence__sequence__chunk\\">
        <SequenceChunk sequence=\\"LENPEARPST\\" textSize={{...}} chunkSize={10} chunkNumber={50} highlights={{...}} />
      </span>
      <span className=\\"sequence__sequence__chunk\\">
        <SequenceChunk sequence=\\"DYLLSAPVSQ\\" textSize={{...}} chunkSize={10} chunkNumber={51} highlights={{...}} />
      </span>
      <span className=\\"sequence__sequence__chunk\\">
        <SequenceChunk sequence=\\"PLIGLVQLLN\\" textSize={{...}} chunkSize={10} chunkNumber={52} highlights={{...}} />
      </span>
      <span className=\\"sequence__sequence__chunk\\">
        <SequenceChunk sequence=\\"YAITCKILNK\\" textSize={{...}} chunkSize={10} chunkNumber={53} highlights={{...}} />
      </span>
      <span className=\\"sequence__sequence__chunk\\">
        <SequenceChunk sequence=\\"SPGEFARHLS\\" textSize={{...}} chunkSize={10} chunkNumber={54} highlights={{...}} />
      </span>
      <span className=\\"sequence__sequence__chunk\\">
        <SequenceChunk sequence=\\"GSAGHSQGIV\\" textSize={{...}} chunkSize={10} chunkNumber={55} highlights={{...}} />
      </span>
      <span className=\\"sequence__sequence__chunk\\">
        <SequenceChunk sequence=\\"VAAMLATVVS\\" textSize={{...}} chunkSize={10} chunkNumber={56} highlights={{...}} />
      </span>
      <span className=\\"sequence__sequence__chunk\\">
        <SequenceChunk sequence=\\"WPTFFDAAST\\" textSize={{...}} chunkSize={10} chunkNumber={57} highlights={{...}} />
      </span>
      <span className=\\"sequence__sequence__chunk\\">
        <SequenceChunk sequence=\\"ALQVLFWIGC\\" textSize={{...}} chunkSize={10} chunkNumber={58} highlights={{...}} />
      </span>
      <span className=\\"sequence__sequence__chunk\\">
        <SequenceChunk sequence=\\"RSQQCYPSHS\\" textSize={{...}} chunkSize={10} chunkNumber={59} highlights={{...}} />
      </span>
      <span className=\\"sequence__sequence__chunk\\">
        <SequenceChunk sequence=\\"SPGEFARHLS\\" textSize={{...}} chunkSize={10} chunkNumber={60} highlights={{...}} />
      </span>
      <span className=\\"sequence__sequence__chunk\\">
        <SequenceChunk sequence=\\"GSAGHSQGIV\\" textSize={{...}} chunkSize={10} chunkNumber={61} highlights={{...}} />
      </span>
      <span className=\\"sequence__sequence__chunk\\">
        <SequenceChunk sequence=\\"VAAMLATVVS\\" textSize={{...}} chunkSize={10} chunkNumber={62} highlights={{...}} />
      </span>
      <span className=\\"sequence__sequence__chunk\\">
        <SequenceChunk sequence=\\"WPTFFDAAST\\" textSize={{...}} chunkSize={10} chunkNumber={63} highlights={{...}} />
      </span>
      <span className=\\"sequence__sequence__chunk\\">
        <SequenceChunk sequence=\\"ALQVLFWIGC\\" textSize={{...}} chunkSize={10} chunkNumber={64} highlights={{...}} />
      </span>
      <span className=\\"sequence__sequence__chunk\\">
        <SequenceChunk sequence=\\"RSQQCYPSHS\\" textSize={{...}} chunkSize={10} chunkNumber={65} highlights={{...}} />
      </span>
      <span className=\\"sequence__sequence__chunk\\">
        <SequenceChunk sequence=\\"IPPSLVDQSE\\" textSize={{...}} chunkSize={10} chunkNumber={66} highlights={{...}} />
      </span>
      <span className=\\"sequence__sequence__chunk\\">
        <SequenceChunk sequence=\\"RLSPMLSVKG\\" textSize={{...}} chunkSize={10} chunkNumber={67} highlights={{...}} />
      </span>
      <span className=\\"sequence__sequence__chunk\\">
        <SequenceChunk sequence=\\"ASRESLLKYL\\" textSize={{...}} chunkSize={10} chunkNumber={68} highlights={{...}} />
      </span>
      <span className=\\"sequence__sequence__chunk\\">
        <SequenceChunk sequence=\\"DEHNRHLPPA\\" textSize={{...}} chunkSize={10} chunkNumber={69} highlights={{...}} />
      </span>
      <span className=\\"sequence__sequence__chunk\\">
        <SequenceChunk sequence=\\"QQGSLALING\\" textSize={{...}} chunkSize={10} chunkNumber={70} highlights={{...}} />
      </span>
      <span className=\\"sequence__sequence__chunk\\">
        <SequenceChunk sequence=\\"RQQFVVAGNP\\" textSize={{...}} chunkSize={10} chunkNumber={71} highlights={{...}} />
      </span>
      <span className=\\"sequence__sequence__chunk\\">
        <SequenceChunk sequence=\\"IPPSLVDQSE\\" textSize={{...}} chunkSize={10} chunkNumber={72} highlights={{...}} />
      </span>
      <span className=\\"sequence__sequence__chunk\\">
        <SequenceChunk sequence=\\"RLSPMLSVKG\\" textSize={{...}} chunkSize={10} chunkNumber={73} highlights={{...}} />
      </span>
      <span className=\\"sequence__sequence__chunk\\">
        <SequenceChunk sequence=\\"ASRESLLKYL\\" textSize={{...}} chunkSize={10} chunkNumber={74} highlights={{...}} />
      </span>
      <span className=\\"sequence__sequence__chunk\\">
        <SequenceChunk sequence=\\"DEHNRHLPPA\\" textSize={{...}} chunkSize={10} chunkNumber={75} highlights={{...}} />
      </span>
      <span className=\\"sequence__sequence__chunk\\">
        <SequenceChunk sequence=\\"QQGSLALING\\" textSize={{...}} chunkSize={10} chunkNumber={76} highlights={{...}} />
      </span>
      <span className=\\"sequence__sequence__chunk\\">
        <SequenceChunk sequence=\\"RQQFVVAGNP\\" textSize={{...}} chunkSize={10} chunkNumber={77} highlights={{...}} />
      </span>
      <span className=\\"sequence__sequence__chunk\\">
        <SequenceChunk sequence=\\"LSLYAFANKL\\" textSize={{...}} chunkSize={10} chunkNumber={78} highlights={{...}} />
      </span>
      <span className=\\"sequence__sequence__chunk\\">
        <SequenceChunk sequence=\\"RAASNNSSTT\\" textSize={{...}} chunkSize={10} chunkNumber={79} highlights={{...}} />
      </span>
      <span className=\\"sequence__sequence__chunk\\">
        <SequenceChunk sequence=\\"NTARVPFSQR\\" textSize={{...}} chunkSize={10} chunkNumber={80} highlights={{...}} />
      </span>
      <span className=\\"sequence__sequence__chunk\\">
        <SequenceChunk sequence=\\"PLLITARFLP\\" textSize={{...}} chunkSize={10} chunkNumber={81} highlights={{...}} />
      </span>
      <span className=\\"sequence__sequence__chunk\\">
        <SequenceChunk sequence=\\"ISVPFHTSLL\\" textSize={{...}} chunkSize={10} chunkNumber={82} highlights={{...}} />
      </span>
      <span className=\\"sequence__sequence__chunk\\">
        <SequenceChunk sequence=\\"EDAEAQILED\\" textSize={{...}} chunkSize={10} chunkNumber={83} highlights={{...}} />
      </span>
      <span className=\\"sequence__sequence__chunk\\">
        <SequenceChunk sequence=\\"ED\\" textSize={{...}} chunkSize={10} chunkNumber={84} highlights={{...}} />
      </span>
    </div>
  </div>
</Fragment>"
`;
