// Jest Snapshot v1, https://goo.gl/fbAQLP

exports[`Sequence component should render 1`] = `
<div
  className="sequence"
>
  <span
    className="sequence__chunk"
    style={
      Object {
        "minWidth": "5rem",
      }
    }
  >
    <div
      className="sequence__chunk__counter"
    >
      10
    </div>
    <div
      className="sequence__chunk_sequence"
    >
      MFNFPHPAID
    </div>
  </span>
  <span
    className="sequence__chunk"
    style={
      Object {
        "minWidth": "5rem",
      }
    }
  >
    <div
      className="sequence__chunk__counter"
    >
      20
    </div>
    <div
      className="sequence__chunk_sequence"
    >
      LASRMKSSPL
    </div>
  </span>
  <span
    className="sequence__chunk"
    style={
      Object {
        "minWidth": "5rem",
      }
    }
  >
    <div
      className="sequence__chunk__counter"
    >
      30
    </div>
    <div
      className="sequence__chunk_sequence"
    >
      MAGGSSSASS
    </div>
  </span>
  <span
    className="sequence__chunk"
    style={
      Object {
        "minWidth": "5rem",
      }
    }
  >
    <div
      className="sequence__chunk__counter"
    >
      40
    </div>
    <div
      className="sequence__chunk_sequence"
    >
      EDLFSPPMME
    </div>
  </span>
  <span
    className="sequence__chunk"
    style={
      Object {
        "minWidth": "5rem",
      }
    }
  >
    <div
      className="sequence__chunk__counter"
    >
      50
    </div>
    <div
      className="sequence__chunk_sequence"
    >
      DLDTPMTEYP
    </div>
  </span>
  <span
    className="sequence__chunk"
    style={
      Object {
        "minWidth": "5rem",
      }
    }
  >
    <div
      className="sequence__chunk__counter"
    >
      60
    </div>
    <div
      className="sequence__chunk_sequence"
    >
      MGSPPRMPYR
    </div>
  </span>
  <span
    className="sequence__chunk"
    style={
      Object {
        "minWidth": "5rem",
      }
    }
  >
    <div
      className="sequence__chunk__counter"
    >
      70
    </div>
    <div
      className="sequence__chunk_sequence"
    >
      GEDIEIAFLR
    </div>
  </span>
  <span
    className="sequence__chunk"
    style={
      Object {
        "minWidth": "5rem",
      }
    }
  >
    <div
      className="sequence__chunk__counter"
    >
      80
    </div>
    <div
      className="sequence__chunk_sequence"
    >
      SEASIKKSSL
    </div>
  </span>
  <span
    className="sequence__chunk"
    style={
      Object {
        "minWidth": "5rem",
      }
    }
  >
    <div
      className="sequence__chunk__counter"
    >
      90
    </div>
    <div
      className="sequence__chunk_sequence"
    >
      FNDKFAATLD
    </div>
  </span>
  <span
    className="sequence__chunk"
    style={
      Object {
        "minWidth": "5rem",
      }
    }
  >
    <div
      className="sequence__chunk__counter"
    >
      100
    </div>
    <div
      className="sequence__chunk_sequence"
    >
      DLSARPIDSA
    </div>
  </span>
  <span
    className="sequence__chunk"
    style={
      Object {
        "minWidth": "5rem",
      }
    }
  >
    <div
      className="sequence__chunk__counter"
    >
      110
    </div>
    <div
      className="sequence__chunk_sequence"
    >
      SLIGKLQSMT
    </div>
  </span>
  <span
    className="sequence__chunk"
    style={
      Object {
        "minWidth": "5rem",
      }
    }
  >
    <div
      className="sequence__chunk__counter"
    >
      120
    </div>
    <div
      className="sequence__chunk_sequence"
    >
      RSVREILDSG
    </div>
  </span>
  <span
    className="sequence__chunk"
    style={
      Object {
        "minWidth": "5rem",
      }
    }
  >
    <div
      className="sequence__chunk__counter"
    >
      130
    </div>
    <div
      className="sequence__chunk_sequence"
    >
      GEDIEIAFLR
    </div>
  </span>
  <span
    className="sequence__chunk"
    style={
      Object {
        "minWidth": "5rem",
      }
    }
  >
    <div
      className="sequence__chunk__counter"
    >
      140
    </div>
    <div
      className="sequence__chunk_sequence"
    >
      SEASIKKSSL
    </div>
  </span>
  <span
    className="sequence__chunk"
    style={
      Object {
        "minWidth": "5rem",
      }
    }
  >
    <div
      className="sequence__chunk__counter"
    >
      150
    </div>
    <div
      className="sequence__chunk_sequence"
    >
      FNDKFAATLD
    </div>
  </span>
  <span
    className="sequence__chunk"
    style={
      Object {
        "minWidth": "5rem",
      }
    }
  >
    <div
      className="sequence__chunk__counter"
    >
      160
    </div>
    <div
      className="sequence__chunk_sequence"
    >
      DLSARPIDSA
    </div>
  </span>
  <span
    className="sequence__chunk"
    style={
      Object {
        "minWidth": "5rem",
      }
    }
  >
    <div
      className="sequence__chunk__counter"
    >
      170
    </div>
    <div
      className="sequence__chunk_sequence"
    >
      SLIGKLQSMT
    </div>
  </span>
  <span
    className="sequence__chunk"
    style={
      Object {
        "minWidth": "5rem",
      }
    }
  >
    <div
      className="sequence__chunk__counter"
    >
      180
    </div>
    <div
      className="sequence__chunk_sequence"
    >
      RSVREILDSG
    </div>
  </span>
  <span
    className="sequence__chunk"
    style={
      Object {
        "minWidth": "5rem",
      }
    }
  >
    <div
      className="sequence__chunk__counter"
    >
      190
    </div>
    <div
      className="sequence__chunk_sequence"
    >
      DQLVHEDGPQ
    </div>
  </span>
  <span
    className="sequence__chunk"
    style={
      Object {
        "minWidth": "5rem",
      }
    }
  >
    <div
      className="sequence__chunk__counter"
    >
      200
    </div>
    <div
      className="sequence__chunk_sequence"
    >
      EILKQFVRVV
    </div>
  </span>
  <span
    className="sequence__chunk"
    style={
      Object {
        "minWidth": "5rem",
      }
    }
  >
    <div
      className="sequence__chunk__counter"
    >
      210
    </div>
    <div
      className="sequence__chunk_sequence"
    >
      NKHLCQDEDI
    </div>
  </span>
  <span
    className="sequence__chunk"
    style={
      Object {
        "minWidth": "5rem",
      }
    }
  >
    <div
      className="sequence__chunk__counter"
    >
      220
    </div>
    <div
      className="sequence__chunk_sequence"
    >
      HTVLAPLALE
    </div>
  </span>
  <span
    className="sequence__chunk"
    style={
      Object {
        "minWidth": "5rem",
      }
    }
  >
    <div
      className="sequence__chunk__counter"
    >
      230
    </div>
    <div
      className="sequence__chunk_sequence"
    >
      PEEKFHIIQT
    </div>
  </span>
  <span
    className="sequence__chunk"
    style={
      Object {
        "minWidth": "5rem",
      }
    }
  >
    <div
      className="sequence__chunk__counter"
    >
      240
    </div>
    <div
      className="sequence__chunk_sequence"
    >
      YYQAISMTQF
    </div>
  </span>
  <span
    className="sequence__chunk"
    style={
      Object {
        "minWidth": "5rem",
      }
    }
  >
    <div
      className="sequence__chunk__counter"
    >
      250
    </div>
    <div
      className="sequence__chunk_sequence"
    >
      DQLVHEDGPQ
    </div>
  </span>
  <span
    className="sequence__chunk"
    style={
      Object {
        "minWidth": "5rem",
      }
    }
  >
    <div
      className="sequence__chunk__counter"
    >
      260
    </div>
    <div
      className="sequence__chunk_sequence"
    >
      EILKQFVRVV
    </div>
  </span>
  <span
    className="sequence__chunk"
    style={
      Object {
        "minWidth": "5rem",
      }
    }
  >
    <div
      className="sequence__chunk__counter"
    >
      270
    </div>
    <div
      className="sequence__chunk_sequence"
    >
      NKHLCQDEDI
    </div>
  </span>
  <span
    className="sequence__chunk"
    style={
      Object {
        "minWidth": "5rem",
      }
    }
  >
    <div
      className="sequence__chunk__counter"
    >
      280
    </div>
    <div
      className="sequence__chunk_sequence"
    >
      HTVLAPLALE
    </div>
  </span>
  <span
    className="sequence__chunk"
    style={
      Object {
        "minWidth": "5rem",
      }
    }
  >
    <div
      className="sequence__chunk__counter"
    >
      290
    </div>
    <div
      className="sequence__chunk_sequence"
    >
      PEEKFHIIQT
    </div>
  </span>
  <span
    className="sequence__chunk"
    style={
      Object {
        "minWidth": "5rem",
      }
    }
  >
    <div
      className="sequence__chunk__counter"
    >
      300
    </div>
    <div
      className="sequence__chunk_sequence"
    >
      YYQAISMTQF
    </div>
  </span>
  <span
    className="sequence__chunk"
    style={
      Object {
        "minWidth": "5rem",
      }
    }
  >
    <div
      className="sequence__chunk__counter"
    >
      310
    </div>
    <div
      className="sequence__chunk_sequence"
    >
      VSPKWTSSLL
    </div>
  </span>
  <span
    className="sequence__chunk"
    style={
      Object {
        "minWidth": "5rem",
      }
    }
  >
    <div
      className="sequence__chunk__counter"
    >
      320
    </div>
    <div
      className="sequence__chunk_sequence"
    >
      SDALCRRANI
    </div>
  </span>
  <span
    className="sequence__chunk"
    style={
      Object {
        "minWidth": "5rem",
      }
    }
  >
    <div
      className="sequence__chunk__counter"
    >
      330
    </div>
    <div
      className="sequence__chunk_sequence"
    >
      VTVFNGQGVE
    </div>
  </span>
  <span
    className="sequence__chunk"
    style={
      Object {
        "minWidth": "5rem",
      }
    }
  >
    <div
      className="sequence__chunk__counter"
    >
      340
    </div>
    <div
      className="sequence__chunk_sequence"
    >
      GYFSELQHLY
    </div>
  </span>
  <span
    className="sequence__chunk"
    style={
      Object {
        "minWidth": "5rem",
      }
    }
  >
    <div
      className="sequence__chunk__counter"
    >
      350
    </div>
    <div
      className="sequence__chunk_sequence"
    >
      DTYGGLLAEP
    </div>
  </span>
  <span
    className="sequence__chunk"
    style={
      Object {
        "minWidth": "5rem",
      }
    }
  >
    <div
      className="sequence__chunk__counter"
    >
      360
    </div>
    <div
      className="sequence__chunk_sequence"
    >
      LYALSKQLKG
    </div>
  </span>
  <span
    className="sequence__chunk"
    style={
      Object {
        "minWidth": "5rem",
      }
    }
  >
    <div
      className="sequence__chunk__counter"
    >
      370
    </div>
    <div
      className="sequence__chunk_sequence"
    >
      VSPKWTSSLL
    </div>
  </span>
  <span
    className="sequence__chunk"
    style={
      Object {
        "minWidth": "5rem",
      }
    }
  >
    <div
      className="sequence__chunk__counter"
    >
      380
    </div>
    <div
      className="sequence__chunk_sequence"
    >
      SDALCRRANI
    </div>
  </span>
  <span
    className="sequence__chunk"
    style={
      Object {
        "minWidth": "5rem",
      }
    }
  >
    <div
      className="sequence__chunk__counter"
    >
      390
    </div>
    <div
      className="sequence__chunk_sequence"
    >
      VTVFNGQGVE
    </div>
  </span>
  <span
    className="sequence__chunk"
    style={
      Object {
        "minWidth": "5rem",
      }
    }
  >
    <div
      className="sequence__chunk__counter"
    >
      400
    </div>
    <div
      className="sequence__chunk_sequence"
    >
      GYFSELQHLY
    </div>
  </span>
  <span
    className="sequence__chunk"
    style={
      Object {
        "minWidth": "5rem",
      }
    }
  >
    <div
      className="sequence__chunk__counter"
    >
      410
    </div>
    <div
      className="sequence__chunk_sequence"
    >
      DTYGGLLAEP
    </div>
  </span>
  <span
    className="sequence__chunk"
    style={
      Object {
        "minWidth": "5rem",
      }
    }
  >
    <div
      className="sequence__chunk__counter"
    >
      420
    </div>
    <div
      className="sequence__chunk_sequence"
    >
      LYALSKQLKG
    </div>
  </span>
  <span
    className="sequence__chunk"
    style={
      Object {
        "minWidth": "5rem",
      }
    }
  >
    <div
      className="sequence__chunk__counter"
    >
      430
    </div>
    <div
      className="sequence__chunk_sequence"
    >
      LASDVRAQDM
    </div>
  </span>
  <span
    className="sequence__chunk"
    style={
      Object {
        "minWidth": "5rem",
      }
    }
  >
    <div
      className="sequence__chunk__counter"
    >
      440
    </div>
    <div
      className="sequence__chunk_sequence"
    >
      YPHGLDVIGW
    </div>
  </span>
  <span
    className="sequence__chunk"
    style={
      Object {
        "minWidth": "5rem",
      }
    }
  >
    <div
      className="sequence__chunk__counter"
    >
      450
    </div>
    <div
      className="sequence__chunk_sequence"
    >
      LENPEARPST
    </div>
  </span>
  <span
    className="sequence__chunk"
    style={
      Object {
        "minWidth": "5rem",
      }
    }
  >
    <div
      className="sequence__chunk__counter"
    >
      460
    </div>
    <div
      className="sequence__chunk_sequence"
    >
      DYLLSAPVSQ
    </div>
  </span>
  <span
    className="sequence__chunk"
    style={
      Object {
        "minWidth": "5rem",
      }
    }
  >
    <div
      className="sequence__chunk__counter"
    >
      470
    </div>
    <div
      className="sequence__chunk_sequence"
    >
      PLIGLVQLLN
    </div>
  </span>
  <span
    className="sequence__chunk"
    style={
      Object {
        "minWidth": "5rem",
      }
    }
  >
    <div
      className="sequence__chunk__counter"
    >
      480
    </div>
    <div
      className="sequence__chunk_sequence"
    >
      YAITCKILNK
    </div>
  </span>
  <span
    className="sequence__chunk"
    style={
      Object {
        "minWidth": "5rem",
      }
    }
  >
    <div
      className="sequence__chunk__counter"
    >
      490
    </div>
    <div
      className="sequence__chunk_sequence"
    >
      LASDVRAQDM
    </div>
  </span>
  <span
    className="sequence__chunk"
    style={
      Object {
        "minWidth": "5rem",
      }
    }
  >
    <div
      className="sequence__chunk__counter"
    >
      500
    </div>
    <div
      className="sequence__chunk_sequence"
    >
      YPHGLDVIGW
    </div>
  </span>
  <span
    className="sequence__chunk"
    style={
      Object {
        "minWidth": "5rem",
      }
    }
  >
    <div
      className="sequence__chunk__counter"
    >
      510
    </div>
    <div
      className="sequence__chunk_sequence"
    >
      LENPEARPST
    </div>
  </span>
  <span
    className="sequence__chunk"
    style={
      Object {
        "minWidth": "5rem",
      }
    }
  >
    <div
      className="sequence__chunk__counter"
    >
      520
    </div>
    <div
      className="sequence__chunk_sequence"
    >
      DYLLSAPVSQ
    </div>
  </span>
  <span
    className="sequence__chunk"
    style={
      Object {
        "minWidth": "5rem",
      }
    }
  >
    <div
      className="sequence__chunk__counter"
    >
      530
    </div>
    <div
      className="sequence__chunk_sequence"
    >
      PLIGLVQLLN
    </div>
  </span>
  <span
    className="sequence__chunk"
    style={
      Object {
        "minWidth": "5rem",
      }
    }
  >
    <div
      className="sequence__chunk__counter"
    >
      540
    </div>
    <div
      className="sequence__chunk_sequence"
    >
      YAITCKILNK
    </div>
  </span>
  <span
    className="sequence__chunk"
    style={
      Object {
        "minWidth": "5rem",
      }
    }
  >
    <div
      className="sequence__chunk__counter"
    >
      550
    </div>
    <div
      className="sequence__chunk_sequence"
    >
      SPGEFARHLS
    </div>
  </span>
  <span
    className="sequence__chunk"
    style={
      Object {
        "minWidth": "5rem",
      }
    }
  >
    <div
      className="sequence__chunk__counter"
    >
      560
    </div>
    <div
      className="sequence__chunk_sequence"
    >
      GSAGHSQGIV
    </div>
  </span>
  <span
    className="sequence__chunk"
    style={
      Object {
        "minWidth": "5rem",
      }
    }
  >
    <div
      className="sequence__chunk__counter"
    >
      570
    </div>
    <div
      className="sequence__chunk_sequence"
    >
      VAAMLATVVS
    </div>
  </span>
  <span
    className="sequence__chunk"
    style={
      Object {
        "minWidth": "5rem",
      }
    }
  >
    <div
      className="sequence__chunk__counter"
    >
      580
    </div>
    <div
      className="sequence__chunk_sequence"
    >
      WPTFFDAAST
    </div>
  </span>
  <span
    className="sequence__chunk"
    style={
      Object {
        "minWidth": "5rem",
      }
    }
  >
    <div
      className="sequence__chunk__counter"
    >
      590
    </div>
    <div
      className="sequence__chunk_sequence"
    >
      ALQVLFWIGC
    </div>
  </span>
  <span
    className="sequence__chunk"
    style={
      Object {
        "minWidth": "5rem",
      }
    }
  >
    <div
      className="sequence__chunk__counter"
    >
      600
    </div>
    <div
      className="sequence__chunk_sequence"
    >
      RSQQCYPSHS
    </div>
  </span>
  <span
    className="sequence__chunk"
    style={
      Object {
        "minWidth": "5rem",
      }
    }
  >
    <div
      className="sequence__chunk__counter"
    >
      610
    </div>
    <div
      className="sequence__chunk_sequence"
    >
      SPGEFARHLS
    </div>
  </span>
  <span
    className="sequence__chunk"
    style={
      Object {
        "minWidth": "5rem",
      }
    }
  >
    <div
      className="sequence__chunk__counter"
    >
      620
    </div>
    <div
      className="sequence__chunk_sequence"
    >
      GSAGHSQGIV
    </div>
  </span>
  <span
    className="sequence__chunk"
    style={
      Object {
        "minWidth": "5rem",
      }
    }
  >
    <div
      className="sequence__chunk__counter"
    >
      630
    </div>
    <div
      className="sequence__chunk_sequence"
    >
      VAAMLATVVS
    </div>
  </span>
  <span
    className="sequence__chunk"
    style={
      Object {
        "minWidth": "5rem",
      }
    }
  >
    <div
      className="sequence__chunk__counter"
    >
      640
    </div>
    <div
      className="sequence__chunk_sequence"
    >
      WPTFFDAAST
    </div>
  </span>
  <span
    className="sequence__chunk"
    style={
      Object {
        "minWidth": "5rem",
      }
    }
  >
    <div
      className="sequence__chunk__counter"
    >
      650
    </div>
    <div
      className="sequence__chunk_sequence"
    >
      ALQVLFWIGC
    </div>
  </span>
  <span
    className="sequence__chunk"
    style={
      Object {
        "minWidth": "5rem",
      }
    }
  >
    <div
      className="sequence__chunk__counter"
    >
      660
    </div>
    <div
      className="sequence__chunk_sequence"
    >
      RSQQCYPSHS
    </div>
  </span>
  <span
    className="sequence__chunk"
    style={
      Object {
        "minWidth": "5rem",
      }
    }
  >
    <div
      className="sequence__chunk__counter"
    >
      670
    </div>
    <div
      className="sequence__chunk_sequence"
    >
      IPPSLVDQSE
    </div>
  </span>
  <span
    className="sequence__chunk"
    style={
      Object {
        "minWidth": "5rem",
      }
    }
  >
    <div
      className="sequence__chunk__counter"
    >
      680
    </div>
    <div
      className="sequence__chunk_sequence"
    >
      RLSPMLSVKG
    </div>
  </span>
  <span
    className="sequence__chunk"
    style={
      Object {
        "minWidth": "5rem",
      }
    }
  >
    <div
      className="sequence__chunk__counter"
    >
      690
    </div>
    <div
      className="sequence__chunk_sequence"
    >
      ASRESLLKYL
    </div>
  </span>
  <span
    className="sequence__chunk"
    style={
      Object {
        "minWidth": "5rem",
      }
    }
  >
    <div
      className="sequence__chunk__counter"
    >
      700
    </div>
    <div
      className="sequence__chunk_sequence"
    >
      DEHNRHLPPA
    </div>
  </span>
  <span
    className="sequence__chunk"
    style={
      Object {
        "minWidth": "5rem",
      }
    }
  >
    <div
      className="sequence__chunk__counter"
    >
      710
    </div>
    <div
      className="sequence__chunk_sequence"
    >
      QQGSLALING
    </div>
  </span>
  <span
    className="sequence__chunk"
    style={
      Object {
        "minWidth": "5rem",
      }
    }
  >
    <div
      className="sequence__chunk__counter"
    >
      720
    </div>
    <div
      className="sequence__chunk_sequence"
    >
      RQQFVVAGNP
    </div>
  </span>
  <span
    className="sequence__chunk"
    style={
      Object {
        "minWidth": "5rem",
      }
    }
  >
    <div
      className="sequence__chunk__counter"
    >
      730
    </div>
    <div
      className="sequence__chunk_sequence"
    >
      IPPSLVDQSE
    </div>
  </span>
  <span
    className="sequence__chunk"
    style={
      Object {
        "minWidth": "5rem",
      }
    }
  >
    <div
      className="sequence__chunk__counter"
    >
      740
    </div>
    <div
      className="sequence__chunk_sequence"
    >
      RLSPMLSVKG
    </div>
  </span>
  <span
    className="sequence__chunk"
    style={
      Object {
        "minWidth": "5rem",
      }
    }
  >
    <div
      className="sequence__chunk__counter"
    >
      750
    </div>
    <div
      className="sequence__chunk_sequence"
    >
      ASRESLLKYL
    </div>
  </span>
  <span
    className="sequence__chunk"
    style={
      Object {
        "minWidth": "5rem",
      }
    }
  >
    <div
      className="sequence__chunk__counter"
    >
      760
    </div>
    <div
      className="sequence__chunk_sequence"
    >
      DEHNRHLPPA
    </div>
  </span>
  <span
    className="sequence__chunk"
    style={
      Object {
        "minWidth": "5rem",
      }
    }
  >
    <div
      className="sequence__chunk__counter"
    >
      770
    </div>
    <div
      className="sequence__chunk_sequence"
    >
      QQGSLALING
    </div>
  </span>
  <span
    className="sequence__chunk"
    style={
      Object {
        "minWidth": "5rem",
      }
    }
  >
    <div
      className="sequence__chunk__counter"
    >
      780
    </div>
    <div
      className="sequence__chunk_sequence"
    >
      RQQFVVAGNP
    </div>
  </span>
  <span
    className="sequence__chunk"
    style={
      Object {
        "minWidth": "5rem",
      }
    }
  >
    <div
      className="sequence__chunk__counter"
    >
      790
    </div>
    <div
      className="sequence__chunk_sequence"
    >
      LSLYAFANKL
    </div>
  </span>
  <span
    className="sequence__chunk"
    style={
      Object {
        "minWidth": "5rem",
      }
    }
  >
    <div
      className="sequence__chunk__counter"
    >
      800
    </div>
    <div
      className="sequence__chunk_sequence"
    >
      RAASNNSSTT
    </div>
  </span>
  <span
    className="sequence__chunk"
    style={
      Object {
        "minWidth": "5rem",
      }
    }
  >
    <div
      className="sequence__chunk__counter"
    >
      810
    </div>
    <div
      className="sequence__chunk_sequence"
    >
      NTARVPFSQR
    </div>
  </span>
  <span
    className="sequence__chunk"
    style={
      Object {
        "minWidth": "5rem",
      }
    }
  >
    <div
      className="sequence__chunk__counter"
    >
      820
    </div>
    <div
      className="sequence__chunk_sequence"
    >
      PLLITARFLP
    </div>
  </span>
  <span
    className="sequence__chunk"
    style={
      Object {
        "minWidth": "5rem",
      }
    }
  >
    <div
      className="sequence__chunk__counter"
    >
      830
    </div>
    <div
      className="sequence__chunk_sequence"
    >
      ISVPFHTSLL
    </div>
  </span>
  <span
    className="sequence__chunk"
    style={
      Object {
        "minWidth": "5rem",
      }
    }
  >
    <div
      className="sequence__chunk__counter"
    >
      840
    </div>
    <div
      className="sequence__chunk_sequence"
    >
      EDAEAQILED
    </div>
  </span>
  <span
    className="sequence__chunk"
    style={
      Object {
        "minWidth": "5rem",
      }
    }
  >
    <div
      className="sequence__chunk__counter"
    />
    <div
      className="sequence__chunk_sequence"
    >
      ED
    </div>
  </span>
</div>
`;
