// Jest Snapshot v1, https://goo.gl/fbAQLP

exports[`TreeSelect component should render 1`] = `
<div
  className="dropdown-container"
>
  <button
    className="button dropdown"
    onClick={[Function]}
    type="button"
  >
    Select
  </button>
  <div
    className="dropdown-menu"
  />
</div>
`;

exports[`TreeSelect component with filter should render 1`] = `
<div
  className="dropdown-container"
>
  <button
    className="button dropdown"
    onClick={[Function]}
    type="button"
  >
    Select
  </button>
  <div
    className="dropdown-menu"
  />
</div>
`;
