// Jest Snapshot v1, https://jestjs.io/docs/snapshot-testing

exports[`TreeSelect component should render 1`] = `
<DocumentFragment>
  <div
    class="dropdown-container"
  >
    <button
      class="button primary dropdown"
      type="button"
    >
      Select
    </button>
    <div
      class="dropdown-menu"
    />
  </div>
</DocumentFragment>
`;

exports[`TreeSelect component with filter should render 1`] = `
<DocumentFragment>
  <div
    class="dropdown-container"
  >
    <button
      class="button primary dropdown"
      type="button"
    >
      Select
    </button>
    <div
      class="dropdown-menu"
    />
  </div>
</DocumentFragment>
`;
